zsh: no such file or directory: ./build-aarch64-toolchain.sh
